twingateOperator:
  apiKey: "<api key>"
  network: "<network slug>"
  remoteNetworkId: "<remote network id>"
  defaultResourceTags:
    - name: "cluster"
      value: "test-cluster"
    - name: "owner"
      value: "eran"
