twingateOperator:
  apiKey: "<api key>"
  network: "<network slug>"
