twingateOperator:
  existingAPIKeySecret:
    name: my-secret
    key: MY_TWINGATE_API_KEY
  network: "<network slug>"
  remoteNetworkId: "<remote network id>"
