twingateOperator:
  existingAPIKeySecret:
    name: my-secret
    key: MY_TWINGATE_API_KEY
  network: "<network slug>"
  existingRemoteNetworkIdSecret:
    name: my-other-secret
    key: MY_TWINGATE_REMOTE_NETWORK_ID
