twingateOperator:
  apiKey: "<api key>"
  network: "<network slug>"
  remoteNetworkId: "<remote network id>"


extraEnvVars:
  - name: FOO
    value: BAR