twingateOperator:
  apiKey: "<api key>"
  network: "<network slug>"
  remoteNetworkId: "<remote network id>"
  logVerbosity: "verbose"
