twingateOperator:
  apiKey: "<api key>"
  network: "<network slug>"
  remoteNetworkId: "<remote network id>"


kubernetes-access-gateway:
  enabled: true
  twingate:
    network: "<network slug>"
  tls:
    autoGenerated: false
    cert: "<tls cert>"
    key: "<tls key>"
    ca: "<ca cert>"
