twingateOperator:
  apiKey: "<api key>"
  network: "<network slug>"
  remoteNetworkName: "<remote network name>"
